20:00:47 **** Incremental Build of configuration Debug for project nucleo-H753ZI_LedCommand_MicroROS_Serial ****
make -j48 all 
docker pull microros/micro_ros_static_library_builder:humble && docker run --rm -v "/home/toffanetto/subjects/im420x/workspace_init/nucleo-H753ZI_LedCommand_MicroROS_Serial":/project --env MICROROS_LIBRARY_FOLDER=micro_ros_stm32cubemx_utils/microros_static_library_ide microros/micro_ros_static_library_builder:humble
humble: Pulling from microros/micro_ros_static_library_builder
Digest: sha256:83ab4e8ce95b2a62feb5dd270ad4460218d2d026a455ea32a5873cf629aa1e99
Status: Image is up to date for microros/micro_ros_static_library_builder:humble
docker.io/microros/micro_ros_static_library_builder:humble
dos2unix: converting file /project/micro_ros_stm32cubemx_utils/microros_static_library_ide/library_generation/library_generation.sh to Unix format...
micro-ROS library found. Skipping...
Delete micro_ros_stm32cubemx_utils/microros_static_library_ide/libmicroros/ for rebuild.
 
arm-none-eabi-size  nucleo-H753ZI_LedCommand_MicroROS_Serial.elf 
   text	   data	    bss	    dec	    hex	filename
 119120	    932	 428728	 548780	  85fac	nucleo-H753ZI_LedCommand_MicroROS_Serial.elf
Finished building: default.size.stdout
 

20:00:50 Build Finished. 0 errors, 0 warnings. (took 3s.147ms)

