15:15:13 **** Incremental Build of configuration Debug for project nucleo-H753ZI_TemplateMicroROS_Serial ****
make -j48 all 
docker pull microros/micro_ros_static_library_builder:humble && docker run --rm -v "/home/toffanetto/subjects/im420x/workspace_init/nucleo-H753ZI_TemplateMicroROS_Serial":/project --env MICROROS_LIBRARY_FOLDER=micro_ros_stm32cubemx_utils/microros_static_library_ide microros/micro_ros_static_library_builder:humble
humble: Pulling from microros/micro_ros_static_library_builder
Digest: sha256:83ab4e8ce95b2a62feb5dd270ad4460218d2d026a455ea32a5873cf629aa1e99
Status: Image is up to date for microros/micro_ros_static_library_builder:humble
docker.io/microros/micro_ros_static_library_builder:humble
dos2unix: converting file /project/micro_ros_stm32cubemx_utils/microros_static_library_ide/library_generation/library_generation.sh to Unix format...
micro-ROS library found. Skipping...
Delete micro_ros_stm32cubemx_utils/microros_static_library_ide/libmicroros/ for rebuild.
 
arm-none-eabi-size  nucleo-H753ZI_TemplateMicroROS_Serial.elf 
   text	   data	    bss	    dec	    hex	filename
 104188	    468	 428728	 533384	  82388	nucleo-H753ZI_TemplateMicroROS_Serial.elf
Finished building: default.size.stdout
 

15:15:18 Build Finished. 0 errors, 0 warnings. (took 5s.243ms)

