12:08:15 **** Incremental Build of configuration Debug for project nucleo-H753ZI_Aula5_Ex2 ****
make -j12 all 
arm-none-eabi-gcc "../Core/Src/freertos.c" -mcpu=cortex-m7 -std=gnu11 -g3 -DDEBUG -DUSE_HAL_DRIVER -DSTM32H753xx -c -I../Core/Inc -I../Drivers/STM32H7xx_HAL_Driver/Inc -I../Drivers/STM32H7xx_HAL_Driver/Inc/Legacy -I../Drivers/CMSIS/Device/ST/STM32H7xx/Include -I../Drivers/CMSIS/Include -I../Middlewares/Third_Party/FreeRTOS/Source/include -I../Middlewares/Third_Party/FreeRTOS/Source/CMSIS_RTOS_V2 -I../Middlewares/Third_Party/FreeRTOS/Source/portable/GCC/ARM_CM4F -O0 -ffunction-sections -fdata-sections -Wall -fstack-usage -fcyclomatic-complexity -MMD -MP -MF"Core/Src/freertos.d" -MT"Core/Src/freertos.o" --specs=nano.specs -mfpu=fpv5-d16 -mfloat-abi=hard -mthumb -o "Core/Src/freertos.o"
arm-none-eabi-gcc -o "nucleo-H753ZI_Aula5_Ex2.elf" @"objects.list"   -mcpu=cortex-m7 -T"/home/toffanetto/unicamp/im420x/workspace_init/nucleo-H753ZI_Aula5_Ex2/STM32H753ZITX_FLASH.ld" --specs=nosys.specs -Wl,-Map="nucleo-H753ZI_Aula5_Ex2.map" -Wl,--gc-sections -static --specs=nano.specs -mfpu=fpv5-d16 -mfloat-abi=hard -mthumb -Wl,--start-group -lc -lm -Wl,--end-group
Finished building target: nucleo-H753ZI_Aula5_Ex2.elf
 
arm-none-eabi-size  nucleo-H753ZI_Aula5_Ex2.elf 
arm-none-eabi-objdump -h -S nucleo-H753ZI_Aula5_Ex2.elf  > "nucleo-H753ZI_Aula5_Ex2.list"
   text	   data	    bss	    dec	    hex	filename
  43980	    292	  22540	  66812	  104fc	nucleo-H753ZI_Aula5_Ex2.elf
Finished building: default.size.stdout
 
Finished building: nucleo-H753ZI_Aula5_Ex2.list
 

12:08:16 Build Finished. 0 errors, 0 warnings. (took 1s.189ms)

