16:01:15 **** Incremental Build of configuration Debug for project nucleo-H753ZI_TemplateAutoware_Serial ****
make -j12 all 
docker pull microros/micro_ros_static_library_builder:humble && docker run --rm -v /home/toffanetto/unicamp/im420x/project/ws/nucleo-H753ZI_TemplateAutoware_Serial:/project --env MICROROS_LIBRARY_FOLDER=microautoware_vehicle_inferface_stm32/microros_static_library_ide microros/micro_ros_static_library_builder:humble
humble: Pulling from microros/micro_ros_static_library_builder
Digest: sha256:83ab4e8ce95b2a62feb5dd270ad4460218d2d026a455ea32a5873cf629aa1e99
Status: Image is up to date for microros/micro_ros_static_library_builder:humble
docker.io/microros/micro_ros_static_library_builder:humble
dos2unix: converting file /project/microautoware_vehicle_inferface_stm32/microros_static_library_ide/library_generation/library_generation.sh to Unix format...
micro-ROS library found. Skipping...
Delete microautoware_vehicle_inferface_stm32/microros_static_library_ide/libmicroautoware/ for rebuild.
 
arm-none-eabi-gcc "../Core/Src/executorCallbacks.c" -mcpu=cortex-m7 -std=gnu11 -g3 -DDEBUG -DUSE_HAL_DRIVER -DSTM32H753xx -c -I../Core/Inc -I../microautoware_vehicle_inferface_stm32/microros_static_library_ide/libmicroautoware/include -I../Drivers/STM32H7xx_HAL_Driver/Inc -I../Drivers/STM32H7xx_HAL_Driver/Inc/Legacy -I../Drivers/CMSIS/Device/ST/STM32H7xx/Include -I../Drivers/CMSIS/Include -I../Middlewares/Third_Party/FreeRTOS/Source/include -I../Middlewares/Third_Party/FreeRTOS/Source/CMSIS_RTOS_V2 -I../Middlewares/Third_Party/FreeRTOS/Source/portable/GCC/ARM_CM4F -O0 -ffunction-sections -fdata-sections -Wall -fstack-usage -fcyclomatic-complexity -MMD -MP -MF"Core/Src/executorCallbacks.d" -MT"Core/Src/executorCallbacks.o" --specs=nano.specs -mfpu=fpv5-d16 -mfloat-abi=hard -mthumb -o "Core/Src/executorCallbacks.o"
arm-none-eabi-gcc "../Core/Src/syscalls.c" -mcpu=cortex-m7 -std=gnu11 -g3 -DDEBUG -DUSE_HAL_DRIVER -DSTM32H753xx -c -I../Core/Inc -I../microautoware_vehicle_inferface_stm32/microros_static_library_ide/libmicroautoware/include -I../Drivers/STM32H7xx_HAL_Driver/Inc -I../Drivers/STM32H7xx_HAL_Driver/Inc/Legacy -I../Drivers/CMSIS/Device/ST/STM32H7xx/Include -I../Drivers/CMSIS/Include -I../Middlewares/Third_Party/FreeRTOS/Source/include -I../Middlewares/Third_Party/FreeRTOS/Source/CMSIS_RTOS_V2 -I../Middlewares/Third_Party/FreeRTOS/Source/portable/GCC/ARM_CM4F -O0 -ffunction-sections -fdata-sections -Wall -fstack-usage -fcyclomatic-complexity -MMD -MP -MF"Core/Src/syscalls.d" -MT"Core/Src/syscalls.o" --specs=nano.specs -mfpu=fpv5-d16 -mfloat-abi=hard -mthumb -o "Core/Src/syscalls.o"
arm-none-eabi-gcc "../Core/Src/sysmem.c" -mcpu=cortex-m7 -std=gnu11 -g3 -DDEBUG -DUSE_HAL_DRIVER -DSTM32H753xx -c -I../Core/Inc -I../microautoware_vehicle_inferface_stm32/microros_static_library_ide/libmicroautoware/include -I../Drivers/STM32H7xx_HAL_Driver/Inc -I../Drivers/STM32H7xx_HAL_Driver/Inc/Legacy -I../Drivers/CMSIS/Device/ST/STM32H7xx/Include -I../Drivers/CMSIS/Include -I../Middlewares/Third_Party/FreeRTOS/Source/include -I../Middlewares/Third_Party/FreeRTOS/Source/CMSIS_RTOS_V2 -I../Middlewares/Third_Party/FreeRTOS/Source/portable/GCC/ARM_CM4F -O0 -ffunction-sections -fdata-sections -Wall -fstack-usage -fcyclomatic-complexity -MMD -MP -MF"Core/Src/sysmem.d" -MT"Core/Src/sysmem.o" --specs=nano.specs -mfpu=fpv5-d16 -mfloat-abi=hard -mthumb -o "Core/Src/sysmem.o"
../Core/Src/executorCallbacks.c: In function 'control_cmd_callback':
../Core/Src/executorCallbacks.c:28:47: warning: unused variable 'control_cmd_msg_' [-Wunused-variable]
   28 |   const autoware_control_msgs__msg__Control * control_cmd_msg_ = (const autoware_control_msgs__msg__Control * )xMsgIn;
      |                                               ^~~~~~~~~~~~~~~~
../Core/Src/executorCallbacks.c: In function 'gear_cmd_callback':
../Core/Src/executorCallbacks.c:40:51: warning: unused variable 'gear_cmd_msg_' [-Wunused-variable]
   40 |   const autoware_vehicle_msgs__msg__GearCommand * gear_cmd_msg_ = (const autoware_vehicle_msgs__msg__GearCommand * )xMsgIn;
      |                                                   ^~~~~~~~~~~~~
../Core/Src/executorCallbacks.c: In function 'turn_indicators_cmd_callback':
../Core/Src/executorCallbacks.c:52:61: warning: unused variable 'turn_indicators_cmd_msg_' [-Wunused-variable]
   52 |   const autoware_vehicle_msgs__msg__TurnIndicatorsCommand * turn_indicators_cmd_msg_ = (const autoware_vehicle_msgs__msg__TurnIndicatorsCommand * )xMsgIn;
      |                                                             ^~~~~~~~~~~~~~~~~~~~~~~~
../Core/Src/executorCallbacks.c: In function 'hazard_lights_cmd_callback':
../Core/Src/executorCallbacks.c:64:59: warning: unused variable 'hazard_lights_cmd_msg_' [-Wunused-variable]
   64 |   const autoware_vehicle_msgs__msg__HazardLightsCommand * hazard_lights_cmd_msg_ = (const autoware_vehicle_msgs__msg__HazardLightsCommand * )xMsgIn;
      |                                                           ^~~~~~~~~~~~~~~~~~~~~~
../Core/Src/executorCallbacks.c: In function 'actuation_cmd_callback':
../Core/Src/executorCallbacks.c:77:60: warning: unused variable 'actuation_cmd_msg_' [-Wunused-variable]
   77 |   const tier4_vehicle_msgs__msg__ActuationCommandStamped * actuation_cmd_msg_ = (const tier4_vehicle_msgs__msg__ActuationCommandStamped * )xMsgIn;
      |                                                            ^~~~~~~~~~~~~~~~~~
../Core/Src/executorCallbacks.c: In function 'emergency_callback':
../Core/Src/executorCallbacks.c:90:60: warning: unused variable 'emergency_msg_' [-Wunused-variable]
   90 |   const tier4_vehicle_msgs__msg__VehicleEmergencyStamped * emergency_msg_ = (const tier4_vehicle_msgs__msg__VehicleEmergencyStamped * )xMsgIn;
      |                                                            ^~~~~~~~~~~~~~
../Core/Src/executorCallbacks.c: In function 'control_mode_cmd_callback':
../Core/Src/executorCallbacks.c:107:66: warning: unused variable 'control_mode_request_msg_' [-Wunused-variable]
  107 |   const autoware_vehicle_msgs__srv__ControlModeCommand_Request * control_mode_request_msg_ = (const autoware_vehicle_msgs__srv__ControlModeCommand_Request * )xRequestMsg;
      |                                                                  ^~~~~~~~~~~~~~~~~~~~~~~~~
arm-none-eabi-gcc -o "nucleo-H753ZI_TemplateAutoware_Serial.elf" @"objects.list"  -lmicroautoware -mcpu=cortex-m7 -T"/home/toffanetto/unicamp/im420x/project/ws/nucleo-H753ZI_TemplateAutoware_Serial/STM32H753ZITX_FLASH.ld" --specs=nosys.specs -Wl,-Map="nucleo-H753ZI_TemplateAutoware_Serial.map" -Wl,--gc-sections -static -L../microautoware_vehicle_inferface_stm32/microros_static_library_ide/libmicroautoware --specs=nano.specs -mfpu=fpv5-d16 -mfloat-abi=hard -mthumb -Wl,--start-group -lc -lm -Wl,--end-group
/opt/st/stm32cubeide_1.15.1/plugins/com.st.stm32cube.ide.mcu.externaltools.gnu-tools-for-stm32.12.3.rel1.linux64_1.0.100.202403111256/tools/bin/../lib/gcc/arm-none-eabi/12.3.1/../../../../arm-none-eabi/bin/ld: /opt/st/stm32cubeide_1.15.1/plugins/com.st.stm32cube.ide.mcu.externaltools.gnu-tools-for-stm32.12.3.rel1.linux64_1.0.100.202403111256/tools/bin/../lib/gcc/arm-none-eabi/12.3.1/../../../../arm-none-eabi/lib/thumb/v7e-m+dp/hard/libc_nano.a(libc_a-gettimeofdayr.o): in function `_gettimeofday_r':
(.text._gettimeofday_r+0xe): warning: _gettimeofday is not implemented and will always fail
Finished building target: nucleo-H753ZI_TemplateAutoware_Serial.elf
 
arm-none-eabi-size  nucleo-H753ZI_TemplateAutoware_Serial.elf 
arm-none-eabi-objdump -h -S nucleo-H753ZI_TemplateAutoware_Serial.elf  > "nucleo-H753ZI_TemplateAutoware_Serial.list"
   text	   data	    bss	    dec	    hex	filename
 133932	   5104	 427784	 566820	  8a624	nucleo-H753ZI_TemplateAutoware_Serial.elf
Finished building: default.size.stdout
 
Finished building: nucleo-H753ZI_TemplateAutoware_Serial.list
 
