12:38:15 **** Incremental Build of configuration Debug for project nucleo-H753ZI_TemplateAutoware_Serial ****
make -j48 all 
docker pull microros/micro_ros_static_library_builder:humble && docker run --rm -v /home/toffanetto/subjects/im420x/project/ws/nucleo-H753ZI_TemplateAutoware_Serial:/project --env MICROROS_LIBRARY_FOLDER=microautoware_vehicle_inferface_stm32/microros_static_library_ide microros/micro_ros_static_library_builder:humble
humble: Pulling from microros/micro_ros_static_library_builder
Digest: sha256:83ab4e8ce95b2a62feb5dd270ad4460218d2d026a455ea32a5873cf629aa1e99
Status: Image is up to date for microros/micro_ros_static_library_builder:humble
docker.io/microros/micro_ros_static_library_builder:humble
dos2unix: converting file /project/microautoware_vehicle_inferface_stm32/microros_static_library_ide/library_generation/library_generation.sh to Unix format...
micro-ROS library found. Skipping...
Delete microautoware_vehicle_inferface_stm32/microros_static_library_ide/libmicroautoware/ for rebuild.
 
arm-none-eabi-gcc "../Core/Src/executorCallbacks.c" -mcpu=cortex-m7 -std=gnu11 -g3 -DDEBUG -DUSE_HAL_DRIVER -DSTM32H753xx -c -I../Core/Inc -I../microautoware_vehicle_inferface_stm32/microros_static_library_ide/libmicroautoware/include -I../Drivers/STM32H7xx_HAL_Driver/Inc -I../Drivers/STM32H7xx_HAL_Driver/Inc/Legacy -I../Drivers/CMSIS/Device/ST/STM32H7xx/Include -I../Drivers/CMSIS/Include -I../Middlewares/Third_Party/FreeRTOS/Source/include -I../Middlewares/Third_Party/FreeRTOS/Source/CMSIS_RTOS_V2 -I../Middlewares/Third_Party/FreeRTOS/Source/portable/GCC/ARM_CM4F -O0 -ffunction-sections -fdata-sections -Wall -fstack-usage -fcyclomatic-complexity -MMD -MP -MF"Core/Src/executorCallbacks.d" -MT"Core/Src/executorCallbacks.o" --specs=nano.specs -mfpu=fpv5-d16 -mfloat-abi=hard -mthumb -o "Core/Src/executorCallbacks.o"
arm-none-eabi-gcc "../Core/Src/freertos.c" -mcpu=cortex-m7 -std=gnu11 -g3 -DDEBUG -DUSE_HAL_DRIVER -DSTM32H753xx -c -I../Core/Inc -I../microautoware_vehicle_inferface_stm32/microros_static_library_ide/libmicroautoware/include -I../Drivers/STM32H7xx_HAL_Driver/Inc -I../Drivers/STM32H7xx_HAL_Driver/Inc/Legacy -I../Drivers/CMSIS/Device/ST/STM32H7xx/Include -I../Drivers/CMSIS/Include -I../Middlewares/Third_Party/FreeRTOS/Source/include -I../Middlewares/Third_Party/FreeRTOS/Source/CMSIS_RTOS_V2 -I../Middlewares/Third_Party/FreeRTOS/Source/portable/GCC/ARM_CM4F -O0 -ffunction-sections -fdata-sections -Wall -fstack-usage -fcyclomatic-complexity -MMD -MP -MF"Core/Src/freertos.d" -MT"Core/Src/freertos.o" --specs=nano.specs -mfpu=fpv5-d16 -mfloat-abi=hard -mthumb -o "Core/Src/freertos.o"
arm-none-eabi-gcc "../Core/Src/main.c" -mcpu=cortex-m7 -std=gnu11 -g3 -DDEBUG -DUSE_HAL_DRIVER -DSTM32H753xx -c -I../Core/Inc -I../microautoware_vehicle_inferface_stm32/microros_static_library_ide/libmicroautoware/include -I../Drivers/STM32H7xx_HAL_Driver/Inc -I../Drivers/STM32H7xx_HAL_Driver/Inc/Legacy -I../Drivers/CMSIS/Device/ST/STM32H7xx/Include -I../Drivers/CMSIS/Include -I../Middlewares/Third_Party/FreeRTOS/Source/include -I../Middlewares/Third_Party/FreeRTOS/Source/CMSIS_RTOS_V2 -I../Middlewares/Third_Party/FreeRTOS/Source/portable/GCC/ARM_CM4F -O0 -ffunction-sections -fdata-sections -Wall -fstack-usage -fcyclomatic-complexity -MMD -MP -MF"Core/Src/main.d" -MT"Core/Src/main.o" --specs=nano.specs -mfpu=fpv5-d16 -mfloat-abi=hard -mthumb -o "Core/Src/main.o"
arm-none-eabi-gcc "../Core/Src/microAutoware.c" -mcpu=cortex-m7 -std=gnu11 -g3 -DDEBUG -DUSE_HAL_DRIVER -DSTM32H753xx -c -I../Core/Inc -I../microautoware_vehicle_inferface_stm32/microros_static_library_ide/libmicroautoware/include -I../Drivers/STM32H7xx_HAL_Driver/Inc -I../Drivers/STM32H7xx_HAL_Driver/Inc/Legacy -I../Drivers/CMSIS/Device/ST/STM32H7xx/Include -I../Drivers/CMSIS/Include -I../Middlewares/Third_Party/FreeRTOS/Source/include -I../Middlewares/Third_Party/FreeRTOS/Source/CMSIS_RTOS_V2 -I../Middlewares/Third_Party/FreeRTOS/Source/portable/GCC/ARM_CM4F -O0 -ffunction-sections -fdata-sections -Wall -fstack-usage -fcyclomatic-complexity -MMD -MP -MF"Core/Src/microAutoware.d" -MT"Core/Src/microAutoware.o" --specs=nano.specs -mfpu=fpv5-d16 -mfloat-abi=hard -mthumb -o "Core/Src/microAutoware.o"
arm-none-eabi-gcc "../Core/Src/taksControle.c" -mcpu=cortex-m7 -std=gnu11 -g3 -DDEBUG -DUSE_HAL_DRIVER -DSTM32H753xx -c -I../Core/Inc -I../microautoware_vehicle_inferface_stm32/microros_static_library_ide/libmicroautoware/include -I../Drivers/STM32H7xx_HAL_Driver/Inc -I../Drivers/STM32H7xx_HAL_Driver/Inc/Legacy -I../Drivers/CMSIS/Device/ST/STM32H7xx/Include -I../Drivers/CMSIS/Include -I../Middlewares/Third_Party/FreeRTOS/Source/include -I../Middlewares/Third_Party/FreeRTOS/Source/CMSIS_RTOS_V2 -I../Middlewares/Third_Party/FreeRTOS/Source/portable/GCC/ARM_CM4F -O0 -ffunction-sections -fdata-sections -Wall -fstack-usage -fcyclomatic-complexity -MMD -MP -MF"Core/Src/taksControle.d" -MT"Core/Src/taksControle.o" --specs=nano.specs -mfpu=fpv5-d16 -mfloat-abi=hard -mthumb -o "Core/Src/taksControle.o"
../Core/Src/taksControle.c: In function 'StartTaskControle':
../Core/Src/taksControle.c:60:9: warning: implicit declaration of function 'osDelay' [-Wimplicit-function-declaration]
   60 |         osDelay(20);
      |         ^~~~~~~
../Core/Src/taksControle.c:47:9: warning: variable 'fJoyYAxis' set but not used [-Wunused-but-set-variable]
   47 |   float fJoyYAxis;
      |         ^~~~~~~~~
../Core/Src/taksControle.c:46:9: warning: variable 'fJoyXAxis' set but not used [-Wunused-but-set-variable]
   46 |   float fJoyXAxis;
      |         ^~~~~~~~~
../Core/Src/taksControle.c:37:17: warning: variable 'ucControlMode' set but not used [-Wunused-but-set-variable]
   37 |   unsigned char ucControlMode;
      |                 ^~~~~~~~~~~~~
../Core/Src/taksControle.c:58:17: warning: 'uiX0' is used uninitialized [-Wuninitialized]
   58 |     fJoyXAxis = fGetJoyPostition(ucADC1Buffer[0], uiX0, uiXMax, uiXMin);
      |                 ^~~~~~~~~~~~~~~~~~~~~~~~~~~~~~~~~~~~~~~~~~~~~~~~~~~~~~~
../Core/Src/taksControle.c:39:16: note: 'uiX0' was declared here
   39 |   unsigned int uiX0;
      |                ^~~~
../Core/Src/taksControle.c:58:17: warning: 'uiXMax' is used uninitialized [-Wuninitialized]
   58 |     fJoyXAxis = fGetJoyPostition(ucADC1Buffer[0], uiX0, uiXMax, uiXMin);
      |                 ^~~~~~~~~~~~~~~~~~~~~~~~~~~~~~~~~~~~~~~~~~~~~~~~~~~~~~~
../Core/Src/taksControle.c:41:16: note: 'uiXMax' was declared here
   41 |   unsigned int uiXMax;
      |                ^~~~~~
../Core/Src/taksControle.c:58:17: warning: 'uiXMin' is used uninitialized [-Wuninitialized]
   58 |     fJoyXAxis = fGetJoyPostition(ucADC1Buffer[0], uiX0, uiXMax, uiXMin);
      |                 ^~~~~~~~~~~~~~~~~~~~~~~~~~~~~~~~~~~~~~~~~~~~~~~~~~~~~~~
../Core/Src/taksControle.c:40:16: note: 'uiXMin' was declared here
   40 |   unsigned int uiXMin;
      |                ^~~~~~
../Core/Src/taksControle.c:59:21: warning: 'uiY0' is used uninitialized [-Wuninitialized]
   59 |         fJoyYAxis = fGetJoyPostition(ucADC1Buffer[1], uiY0, uiYMax, uiYMin);
      |                     ^~~~~~~~~~~~~~~~~~~~~~~~~~~~~~~~~~~~~~~~~~~~~~~~~~~~~~~
../Core/Src/taksControle.c:42:16: note: 'uiY0' was declared here
   42 |   unsigned int uiY0;
      |                ^~~~
../Core/Src/taksControle.c:59:21: warning: 'uiYMax' is used uninitialized [-Wuninitialized]
   59 |         fJoyYAxis = fGetJoyPostition(ucADC1Buffer[1], uiY0, uiYMax, uiYMin);
      |                     ^~~~~~~~~~~~~~~~~~~~~~~~~~~~~~~~~~~~~~~~~~~~~~~~~~~~~~~
../Core/Src/taksControle.c:44:16: note: 'uiYMax' was declared here
   44 |   unsigned int uiYMax;
      |                ^~~~~~
../Core/Src/taksControle.c:59:21: warning: 'uiYMin' is used uninitialized [-Wuninitialized]
   59 |         fJoyYAxis = fGetJoyPostition(ucADC1Buffer[1], uiY0, uiYMax, uiYMin);
      |                     ^~~~~~~~~~~~~~~~~~~~~~~~~~~~~~~~~~~~~~~~~~~~~~~~~~~~~~~
../Core/Src/taksControle.c:43:16: note: 'uiYMin' was declared here
   43 |   unsigned int uiYMin;
      |                ^~~~~~
../Core/Src/executorCallbacks.c: In function 'control_cmd_callback':
../Core/Src/executorCallbacks.c:29:47: warning: unused variable 'control_cmd_msg_' [-Wunused-variable]
   29 |   const autoware_control_msgs__msg__Control * control_cmd_msg_ = (const autoware_control_msgs__msg__Control * )xMsgIn;
      |                                               ^~~~~~~~~~~~~~~~
../Core/Src/executorCallbacks.c: In function 'gear_cmd_callback':
../Core/Src/executorCallbacks.c:41:51: warning: unused variable 'gear_cmd_msg_' [-Wunused-variable]
   41 |   const autoware_vehicle_msgs__msg__GearCommand * gear_cmd_msg_ = (const autoware_vehicle_msgs__msg__GearCommand * )xMsgIn;
      |                                                   ^~~~~~~~~~~~~
../Core/Src/executorCallbacks.c: In function 'turn_indicators_cmd_callback':
../Core/Src/executorCallbacks.c:53:61: warning: unused variable 'turn_indicators_cmd_msg_' [-Wunused-variable]
   53 |   const autoware_vehicle_msgs__msg__TurnIndicatorsCommand * turn_indicators_cmd_msg_ = (const autoware_vehicle_msgs__msg__TurnIndicatorsCommand * )xMsgIn;
      |                                                             ^~~~~~~~~~~~~~~~~~~~~~~~
../Core/Src/executorCallbacks.c: In function 'hazard_lights_cmd_callback':
../Core/Src/executorCallbacks.c:65:59: warning: unused variable 'hazard_lights_cmd_msg_' [-Wunused-variable]
   65 |   const autoware_vehicle_msgs__msg__HazardLightsCommand * hazard_lights_cmd_msg_ = (const autoware_vehicle_msgs__msg__HazardLightsCommand * )xMsgIn;
      |                                                           ^~~~~~~~~~~~~~~~~~~~~~
../Core/Src/executorCallbacks.c: In function 'actuation_cmd_callback':
../Core/Src/executorCallbacks.c:78:60: warning: unused variable 'actuation_cmd_msg_' [-Wunused-variable]
   78 |   const tier4_vehicle_msgs__msg__ActuationCommandStamped * actuation_cmd_msg_ = (const tier4_vehicle_msgs__msg__ActuationCommandStamped * )xMsgIn;
      |                                                            ^~~~~~~~~~~~~~~~~~
../Core/Src/executorCallbacks.c: In function 'emergency_callback':
../Core/Src/executorCallbacks.c:91:60: warning: unused variable 'emergency_msg_' [-Wunused-variable]
   91 |   const tier4_vehicle_msgs__msg__VehicleEmergencyStamped * emergency_msg_ = (const tier4_vehicle_msgs__msg__VehicleEmergencyStamped * )xMsgIn;
      |                                                            ^~~~~~~~~~~~~~
../Core/Src/executorCallbacks.c: In function 'control_mode_cmd_callback':
../Core/Src/executorCallbacks.c:108:66: warning: unused variable 'control_mode_request_msg_' [-Wunused-variable]
  108 |   const autoware_vehicle_msgs__srv__ControlModeCommand_Request * control_mode_request_msg_ = (const autoware_vehicle_msgs__srv__ControlModeCommand_Request * )xRequestMsg;
      |                                                                  ^~~~~~~~~~~~~~~~~~~~~~~~~
../Core/Src/microAutoware.c: In function 'StartMicroAutoware':
../Core/Src/microAutoware.c:76:56: warning: unused variable 'steering_wheel_status_msg_' [-Wunused-variable]
   76 |   tier4_vehicle_msgs__msg__SteeringWheelStatusStamped  steering_wheel_status_msg_;
      |                                                        ^~~~~~~~~~~~~~~~~~~~~~~~~~
../Core/Src/microAutoware.c:75:52: warning: unused variable 'actuation_status_msg_' [-Wunused-variable]
   75 |   tier4_vehicle_msgs__msg__ActuationStatusStamped  actuation_status_msg_;
      |                                                    ^~~~~~~~~~~~~~~~~~~~~
../Core/Src/microAutoware.c:74:50: warning: unused variable 'hazard_lights_status_msg_' [-Wunused-variable]
   74 |   autoware_vehicle_msgs__msg__HazardLightsReport hazard_lights_status_msg_;
      |                                                  ^~~~~~~~~~~~~~~~~~~~~~~~~
../Core/Src/microAutoware.c:73:52: warning: unused variable 'turn_indicators_status_msg_' [-Wunused-variable]
   73 |   autoware_vehicle_msgs__msg__TurnIndicatorsReport turn_indicators_status_msg_;
      |                                                    ^~~~~~~~~~~~~~~~~~~~~~~~~~~
../Core/Src/microAutoware.c:71:42: warning: unused variable 'gear_status_msg_' [-Wunused-variable]
   71 |   autoware_vehicle_msgs__msg__GearReport gear_status_msg_;
      |                                          ^~~~~~~~~~~~~~~~
../Core/Src/microAutoware.c:70:46: warning: unused variable 'steering_status_msg_' [-Wunused-variable]
   70 |   autoware_vehicle_msgs__msg__SteeringReport steering_status_msg_;
      |                                              ^~~~~~~~~~~~~~~~~~~~
../Core/Src/microAutoware.c:69:46: warning: unused variable 'vehicle_twist_msg_' [-Wunused-variable]
   69 |   autoware_vehicle_msgs__msg__VelocityReport vehicle_twist_msg_;
      |                                              ^~~~~~~~~~~~~~~~~~
../Core/Src/microAutoware.c:68:49: warning: unused variable 'control_mode_msg_' [-Wunused-variable]
   68 |   autoware_vehicle_msgs__msg__ControlModeReport control_mode_msg_;
      |                                                 ^~~~~~~~~~~~~~~~~
arm-none-eabi-gcc -o "nucleo-H753ZI_TemplateAutoware_Serial.elf" @"objects.list"  -lmicroautoware -mcpu=cortex-m7 -T"/home/toffanetto/subjects/im420x/project/ws/nucleo-H753ZI_TemplateAutoware_Serial/STM32H753ZITX_FLASH.ld" --specs=nosys.specs -Wl,-Map="nucleo-H753ZI_TemplateAutoware_Serial.map" -Wl,--gc-sections -static -L../microautoware_vehicle_inferface_stm32/microros_static_library_ide/libmicroautoware --specs=nano.specs -mfpu=fpv5-d16 -mfloat-abi=hard -mthumb -Wl,--start-group -lc -lm -Wl,--end-group
/opt/st/stm32cubeide_1.15.1/plugins/com.st.stm32cube.ide.mcu.externaltools.gnu-tools-for-stm32.12.3.rel1.linux64_1.0.100.202403111256/tools/bin/../lib/gcc/arm-none-eabi/12.3.1/../../../../arm-none-eabi/bin/ld: /opt/st/stm32cubeide_1.15.1/plugins/com.st.stm32cube.ide.mcu.externaltools.gnu-tools-for-stm32.12.3.rel1.linux64_1.0.100.202403111256/tools/bin/../lib/gcc/arm-none-eabi/12.3.1/../../../../arm-none-eabi/lib/thumb/v7e-m+dp/hard/libc_nano.a(libc_a-gettimeofdayr.o): in function `_gettimeofday_r':
(.text._gettimeofday_r+0xe): warning: _gettimeofday is not implemented and will always fail
Finished building target: nucleo-H753ZI_TemplateAutoware_Serial.elf
 
arm-none-eabi-size  nucleo-H753ZI_TemplateAutoware_Serial.elf 
arm-none-eabi-objdump -h -S nucleo-H753ZI_TemplateAutoware_Serial.elf  > "nucleo-H753ZI_TemplateAutoware_Serial.list"
   text	   data	    bss	    dec	    hex	filename
 143932	   5104	 428016	 577052	  8ce1c	nucleo-H753ZI_TemplateAutoware_Serial.elf
Finished building: default.size.stdout
 
Finished building: nucleo-H753ZI_TemplateAutoware_Serial.list
 
12:38:46 **** Incremental Build of configuration Debug for project nucleo-H753ZI_TemplateAutoware_Serial ****
make -j48 all 
docker pull microros/micro_ros_static_library_builder:humble && docker run --rm -v /home/toffanetto/subjects/im420x/project/ws/nucleo-H753ZI_TemplateAutoware_Serial:/project --env MICROROS_LIBRARY_FOLDER=microautoware_vehicle_inferface_stm32/microros_static_library_ide microros/micro_ros_static_library_builder:humble
humble: Pulling from microros/micro_ros_static_library_builder
Digest: sha256:83ab4e8ce95b2a62feb5dd270ad4460218d2d026a455ea32a5873cf629aa1e99
Status: Image is up to date for microros/micro_ros_static_library_builder:humble
docker.io/microros/micro_ros_static_library_builder:humble
dos2unix: converting file /project/microautoware_vehicle_inferface_stm32/microros_static_library_ide/library_generation/library_generation.sh to Unix format...
micro-ROS library found. Skipping...
Delete microautoware_vehicle_inferface_stm32/microros_static_library_ide/libmicroautoware/ for rebuild.
 
arm-none-eabi-gcc "../Core/Src/microAutoware.c" -mcpu=cortex-m7 -std=gnu11 -g3 -DDEBUG -DUSE_HAL_DRIVER -DSTM32H753xx -c -I../Core/Inc -I../microautoware_vehicle_inferface_stm32/microros_static_library_ide/libmicroautoware/include -I../Drivers/STM32H7xx_HAL_Driver/Inc -I../Drivers/STM32H7xx_HAL_Driver/Inc/Legacy -I../Drivers/CMSIS/Device/ST/STM32H7xx/Include -I../Drivers/CMSIS/Include -I../Middlewares/Third_Party/FreeRTOS/Source/include -I../Middlewares/Third_Party/FreeRTOS/Source/CMSIS_RTOS_V2 -I../Middlewares/Third_Party/FreeRTOS/Source/portable/GCC/ARM_CM4F -O0 -ffunction-sections -fdata-sections -Wall -fstack-usage -fcyclomatic-complexity -MMD -MP -MF"Core/Src/microAutoware.d" -MT"Core/Src/microAutoware.o" --specs=nano.specs -mfpu=fpv5-d16 -mfloat-abi=hard -mthumb -o "Core/Src/microAutoware.o"
../Core/Src/microAutoware.c: In function 'StartMicroAutoware':
../Core/Src/microAutoware.c:76:56: warning: unused variable 'steering_wheel_status_msg_' [-Wunused-variable]
   76 |   tier4_vehicle_msgs__msg__SteeringWheelStatusStamped  steering_wheel_status_msg_;
      |                                                        ^~~~~~~~~~~~~~~~~~~~~~~~~~
../Core/Src/microAutoware.c:75:52: warning: unused variable 'actuation_status_msg_' [-Wunused-variable]
   75 |   tier4_vehicle_msgs__msg__ActuationStatusStamped  actuation_status_msg_;
      |                                                    ^~~~~~~~~~~~~~~~~~~~~
../Core/Src/microAutoware.c:74:50: warning: unused variable 'hazard_lights_status_msg_' [-Wunused-variable]
   74 |   autoware_vehicle_msgs__msg__HazardLightsReport hazard_lights_status_msg_;
      |                                                  ^~~~~~~~~~~~~~~~~~~~~~~~~
../Core/Src/microAutoware.c:73:52: warning: unused variable 'turn_indicators_status_msg_' [-Wunused-variable]
   73 |   autoware_vehicle_msgs__msg__TurnIndicatorsReport turn_indicators_status_msg_;
      |                                                    ^~~~~~~~~~~~~~~~~~~~~~~~~~~
../Core/Src/microAutoware.c:71:42: warning: unused variable 'gear_status_msg_' [-Wunused-variable]
   71 |   autoware_vehicle_msgs__msg__GearReport gear_status_msg_;
      |                                          ^~~~~~~~~~~~~~~~
../Core/Src/microAutoware.c:70:46: warning: unused variable 'steering_status_msg_' [-Wunused-variable]
   70 |   autoware_vehicle_msgs__msg__SteeringReport steering_status_msg_;
      |                                              ^~~~~~~~~~~~~~~~~~~~
../Core/Src/microAutoware.c:69:46: warning: unused variable 'vehicle_twist_msg_' [-Wunused-variable]
   69 |   autoware_vehicle_msgs__msg__VelocityReport vehicle_twist_msg_;
      |                                              ^~~~~~~~~~~~~~~~~~
../Core/Src/microAutoware.c:68:49: warning: unused variable 'control_mode_msg_' [-Wunused-variable]
   68 |   autoware_vehicle_msgs__msg__ControlModeReport control_mode_msg_;
      |                                                 ^~~~~~~~~~~~~~~~~
arm-none-eabi-gcc -o "nucleo-H753ZI_TemplateAutoware_Serial.elf" @"objects.list"  -lmicroautoware -mcpu=cortex-m7 -T"/home/toffanetto/subjects/im420x/project/ws/nucleo-H753ZI_TemplateAutoware_Serial/STM32H753ZITX_FLASH.ld" --specs=nosys.specs -Wl,-Map="nucleo-H753ZI_TemplateAutoware_Serial.map" -Wl,--gc-sections -static -L../microautoware_vehicle_inferface_stm32/microros_static_library_ide/libmicroautoware --specs=nano.specs -mfpu=fpv5-d16 -mfloat-abi=hard -mthumb -Wl,--start-group -lc -lm -Wl,--end-group
/opt/st/stm32cubeide_1.15.1/plugins/com.st.stm32cube.ide.mcu.externaltools.gnu-tools-for-stm32.12.3.rel1.linux64_1.0.100.202403111256/tools/bin/../lib/gcc/arm-none-eabi/12.3.1/../../../../arm-none-eabi/bin/ld: /opt/st/stm32cubeide_1.15.1/plugins/com.st.stm32cube.ide.mcu.externaltools.gnu-tools-for-stm32.12.3.rel1.linux64_1.0.100.202403111256/tools/bin/../lib/gcc/arm-none-eabi/12.3.1/../../../../arm-none-eabi/lib/thumb/v7e-m+dp/hard/libc_nano.a(libc_a-gettimeofdayr.o): in function `_gettimeofday_r':
(.text._gettimeofday_r+0xe): warning: _gettimeofday is not implemented and will always fail
Finished building target: nucleo-H753ZI_TemplateAutoware_Serial.elf
 
arm-none-eabi-size  nucleo-H753ZI_TemplateAutoware_Serial.elf 
arm-none-eabi-objdump -h -S nucleo-H753ZI_TemplateAutoware_Serial.elf  > "nucleo-H753ZI_TemplateAutoware_Serial.list"
   text	   data	    bss	    dec	    hex	filename
 143932	   5104	 428016	 577052	  8ce1c	nucleo-H753ZI_TemplateAutoware_Serial.elf
Finished building: default.size.stdout
 
Finished building: nucleo-H753ZI_TemplateAutoware_Serial.list
 
12:38:57 **** Incremental Build of configuration Debug for project nucleo-H753ZI_TemplateAutoware_Serial ****
make -j48 all 
docker pull microros/micro_ros_static_library_builder:humble && docker run --rm -v /home/toffanetto/subjects/im420x/project/ws/nucleo-H753ZI_TemplateAutoware_Serial:/project --env MICROROS_LIBRARY_FOLDER=microautoware_vehicle_inferface_stm32/microros_static_library_ide microros/micro_ros_static_library_builder:humble
humble: Pulling from microros/micro_ros_static_library_builder
Digest: sha256:83ab4e8ce95b2a62feb5dd270ad4460218d2d026a455ea32a5873cf629aa1e99
Status: Image is up to date for microros/micro_ros_static_library_builder:humble
docker.io/microros/micro_ros_static_library_builder:humble
dos2unix: converting file /project/microautoware_vehicle_inferface_stm32/microros_static_library_ide/library_generation/library_generation.sh to Unix format...
micro-ROS library found. Skipping...
Delete microautoware_vehicle_inferface_stm32/microros_static_library_ide/libmicroautoware/ for rebuild.
 
arm-none-eabi-gcc -o "nucleo-H753ZI_TemplateAutoware_Serial.elf" @"objects.list"  -lmicroautoware -mcpu=cortex-m7 -T"/home/toffanetto/subjects/im420x/project/ws/nucleo-H753ZI_TemplateAutoware_Serial/STM32H753ZITX_FLASH.ld" --specs=nosys.specs -Wl,-Map="nucleo-H753ZI_TemplateAutoware_Serial.map" -Wl,--gc-sections -static -L../microautoware_vehicle_inferface_stm32/microros_static_library_ide/libmicroautoware --specs=nano.specs -mfpu=fpv5-d16 -mfloat-abi=hard -mthumb -Wl,--start-group -lc -lm -Wl,--end-group
/opt/st/stm32cubeide_1.15.1/plugins/com.st.stm32cube.ide.mcu.externaltools.gnu-tools-for-stm32.12.3.rel1.linux64_1.0.100.202403111256/tools/bin/../lib/gcc/arm-none-eabi/12.3.1/../../../../arm-none-eabi/bin/ld: /opt/st/stm32cubeide_1.15.1/plugins/com.st.stm32cube.ide.mcu.externaltools.gnu-tools-for-stm32.12.3.rel1.linux64_1.0.100.202403111256/tools/bin/../lib/gcc/arm-none-eabi/12.3.1/../../../../arm-none-eabi/lib/thumb/v7e-m+dp/hard/libc_nano.a(libc_a-gettimeofdayr.o): in function `_gettimeofday_r':
(.text._gettimeofday_r+0xe): warning: _gettimeofday is not implemented and will always fail
Finished building target: nucleo-H753ZI_TemplateAutoware_Serial.elf
 
arm-none-eabi-size  nucleo-H753ZI_TemplateAutoware_Serial.elf 
arm-none-eabi-objdump -h -S nucleo-H753ZI_TemplateAutoware_Serial.elf  > "nucleo-H753ZI_TemplateAutoware_Serial.list"
   text	   data	    bss	    dec	    hex	filename
 143932	   5104	 428016	 577052	  8ce1c	nucleo-H753ZI_TemplateAutoware_Serial.elf
Finished building: default.size.stdout
 
Finished building: nucleo-H753ZI_TemplateAutoware_Serial.list
 
12:41:20 **** Incremental Build of configuration Debug for project nucleo-H753ZI_TemplateAutoware_Serial ****
make -j48 all 
docker pull microros/micro_ros_static_library_builder:humble && docker run --rm -v /home/toffanetto/subjects/im420x/project/ws/nucleo-H753ZI_TemplateAutoware_Serial:/project --env MICROROS_LIBRARY_FOLDER=microautoware_vehicle_inferface_stm32/microros_static_library_ide microros/micro_ros_static_library_builder:humble
humble: Pulling from microros/micro_ros_static_library_builder
Digest: sha256:83ab4e8ce95b2a62feb5dd270ad4460218d2d026a455ea32a5873cf629aa1e99
Status: Image is up to date for microros/micro_ros_static_library_builder:humble
docker.io/microros/micro_ros_static_library_builder:humble
dos2unix: converting file /project/microautoware_vehicle_inferface_stm32/microros_static_library_ide/library_generation/library_generation.sh to Unix format...
micro-ROS library found. Skipping...
Delete microautoware_vehicle_inferface_stm32/microros_static_library_ide/libmicroautoware/ for rebuild.
 
arm-none-eabi-size  nucleo-H753ZI_TemplateAutoware_Serial.elf 
   text	   data	    bss	    dec	    hex	filename
 143932	   5104	 428016	 577052	  8ce1c	nucleo-H753ZI_TemplateAutoware_Serial.elf
Finished building: default.size.stdout
 
12:52:32 **** Incremental Build of configuration Debug for project nucleo-H753ZI_TemplateAutoware_Serial ****
make -j48 all 
docker pull microros/micro_ros_static_library_builder:humble && docker run --rm -v /home/toffanetto/subjects/im420x/project/ws/nucleo-H753ZI_TemplateAutoware_Serial:/project --env MICROROS_LIBRARY_FOLDER=microautoware_vehicle_inferface_stm32/microros_static_library_ide microros/micro_ros_static_library_builder:humble
humble: Pulling from microros/micro_ros_static_library_builder
Digest: sha256:83ab4e8ce95b2a62feb5dd270ad4460218d2d026a455ea32a5873cf629aa1e99
Status: Image is up to date for microros/micro_ros_static_library_builder:humble
docker.io/microros/micro_ros_static_library_builder:humble
dos2unix: converting file /project/microautoware_vehicle_inferface_stm32/microros_static_library_ide/library_generation/library_generation.sh to Unix format...
micro-ROS library found. Skipping...
Delete microautoware_vehicle_inferface_stm32/microros_static_library_ide/libmicroautoware/ for rebuild.
 
arm-none-eabi-gcc "../Core/Src/taksControle.c" -mcpu=cortex-m7 -std=gnu11 -g3 -DDEBUG -DUSE_HAL_DRIVER -DSTM32H753xx -c -I../Core/Inc -I../microautoware_vehicle_inferface_stm32/microros_static_library_ide/libmicroautoware/include -I../Drivers/STM32H7xx_HAL_Driver/Inc -I../Drivers/STM32H7xx_HAL_Driver/Inc/Legacy -I../Drivers/CMSIS/Device/ST/STM32H7xx/Include -I../Drivers/CMSIS/Include -I../Middlewares/Third_Party/FreeRTOS/Source/include -I../Middlewares/Third_Party/FreeRTOS/Source/CMSIS_RTOS_V2 -I../Middlewares/Third_Party/FreeRTOS/Source/portable/GCC/ARM_CM4F -O0 -ffunction-sections -fdata-sections -Wall -fstack-usage -fcyclomatic-complexity -MMD -MP -MF"Core/Src/taksControle.d" -MT"Core/Src/taksControle.o" --specs=nano.specs -mfpu=fpv5-d16 -mfloat-abi=hard -mthumb -o "Core/Src/taksControle.o"
../Core/Src/taksControle.c: In function 'StartTaskControle':
../Core/Src/taksControle.c:60:9: warning: implicit declaration of function 'osDelay' [-Wimplicit-function-declaration]
   60 |         osDelay(20);
      |         ^~~~~~~
../Core/Src/taksControle.c:47:9: warning: variable 'fJoyYAxis' set but not used [-Wunused-but-set-variable]
   47 |   float fJoyYAxis;
      |         ^~~~~~~~~
../Core/Src/taksControle.c:46:9: warning: variable 'fJoyXAxis' set but not used [-Wunused-but-set-variable]
   46 |   float fJoyXAxis;
      |         ^~~~~~~~~
../Core/Src/taksControle.c:37:17: warning: variable 'ucControlMode' set but not used [-Wunused-but-set-variable]
   37 |   unsigned char ucControlMode;
      |                 ^~~~~~~~~~~~~
arm-none-eabi-gcc -o "nucleo-H753ZI_TemplateAutoware_Serial.elf" @"objects.list"  -lmicroautoware -mcpu=cortex-m7 -T"/home/toffanetto/subjects/im420x/project/ws/nucleo-H753ZI_TemplateAutoware_Serial/STM32H753ZITX_FLASH.ld" --specs=nosys.specs -Wl,-Map="nucleo-H753ZI_TemplateAutoware_Serial.map" -Wl,--gc-sections -static -L../microautoware_vehicle_inferface_stm32/microros_static_library_ide/libmicroautoware --specs=nano.specs -mfpu=fpv5-d16 -mfloat-abi=hard -mthumb -Wl,--start-group -lc -lm -Wl,--end-group
/opt/st/stm32cubeide_1.15.1/plugins/com.st.stm32cube.ide.mcu.externaltools.gnu-tools-for-stm32.12.3.rel1.linux64_1.0.100.202403111256/tools/bin/../lib/gcc/arm-none-eabi/12.3.1/../../../../arm-none-eabi/bin/ld: /opt/st/stm32cubeide_1.15.1/plugins/com.st.stm32cube.ide.mcu.externaltools.gnu-tools-for-stm32.12.3.rel1.linux64_1.0.100.202403111256/tools/bin/../lib/gcc/arm-none-eabi/12.3.1/../../../../arm-none-eabi/lib/thumb/v7e-m+dp/hard/libc_nano.a(libc_a-gettimeofdayr.o): in function `_gettimeofday_r':
(.text._gettimeofday_r+0xe): warning: _gettimeofday is not implemented and will always fail
Finished building target: nucleo-H753ZI_TemplateAutoware_Serial.elf
 
arm-none-eabi-size  nucleo-H753ZI_TemplateAutoware_Serial.elf 
arm-none-eabi-objdump -h -S nucleo-H753ZI_TemplateAutoware_Serial.elf  > "nucleo-H753ZI_TemplateAutoware_Serial.list"
   text	   data	    bss	    dec	    hex	filename
 143964	   5104	 428016	 577084	  8ce3c	nucleo-H753ZI_TemplateAutoware_Serial.elf
Finished building: default.size.stdout
 
Finished building: nucleo-H753ZI_TemplateAutoware_Serial.list
 
12:54:35 **** Incremental Build of configuration Debug for project nucleo-H753ZI_TemplateAutoware_Serial ****
make -j48 all 
docker pull microros/micro_ros_static_library_builder:humble && docker run --rm -v /home/toffanetto/subjects/im420x/project/ws/nucleo-H753ZI_TemplateAutoware_Serial:/project --env MICROROS_LIBRARY_FOLDER=microautoware_vehicle_inferface_stm32/microros_static_library_ide microros/micro_ros_static_library_builder:humble
humble: Pulling from microros/micro_ros_static_library_builder
Digest: sha256:83ab4e8ce95b2a62feb5dd270ad4460218d2d026a455ea32a5873cf629aa1e99
Status: Image is up to date for microros/micro_ros_static_library_builder:humble
docker.io/microros/micro_ros_static_library_builder:humble
dos2unix: converting file /project/microautoware_vehicle_inferface_stm32/microros_static_library_ide/library_generation/library_generation.sh to Unix format...
micro-ROS library found. Skipping...
Delete microautoware_vehicle_inferface_stm32/microros_static_library_ide/libmicroautoware/ for rebuild.
 
arm-none-eabi-gcc "../Core/Src/taksControle.c" -mcpu=cortex-m7 -std=gnu11 -g3 -DDEBUG -DUSE_HAL_DRIVER -DSTM32H753xx -c -I../Core/Inc -I../microautoware_vehicle_inferface_stm32/microros_static_library_ide/libmicroautoware/include -I../Drivers/STM32H7xx_HAL_Driver/Inc -I../Drivers/STM32H7xx_HAL_Driver/Inc/Legacy -I../Drivers/CMSIS/Device/ST/STM32H7xx/Include -I../Drivers/CMSIS/Include -I../Middlewares/Third_Party/FreeRTOS/Source/include -I../Middlewares/Third_Party/FreeRTOS/Source/CMSIS_RTOS_V2 -I../Middlewares/Third_Party/FreeRTOS/Source/portable/GCC/ARM_CM4F -O0 -ffunction-sections -fdata-sections -Wall -fstack-usage -fcyclomatic-complexity -MMD -MP -MF"Core/Src/taksControle.d" -MT"Core/Src/taksControle.o" --specs=nano.specs -mfpu=fpv5-d16 -mfloat-abi=hard -mthumb -o "Core/Src/taksControle.o"
../Core/Src/taksControle.c: In function 'StartTaskControle':
../Core/Src/taksControle.c:60:9: warning: implicit declaration of function 'osDelay' [-Wimplicit-function-declaration]
   60 |         osDelay(20);
      |         ^~~~~~~
../Core/Src/taksControle.c:47:9: warning: variable 'fJoyYAxis' set but not used [-Wunused-but-set-variable]
   47 |   float fJoyYAxis;
      |         ^~~~~~~~~
../Core/Src/taksControle.c:46:9: warning: variable 'fJoyXAxis' set but not used [-Wunused-but-set-variable]
   46 |   float fJoyXAxis;
      |         ^~~~~~~~~
../Core/Src/taksControle.c:37:17: warning: variable 'ucControlMode' set but not used [-Wunused-but-set-variable]
   37 |   unsigned char ucControlMode;
      |                 ^~~~~~~~~~~~~
arm-none-eabi-gcc -o "nucleo-H753ZI_TemplateAutoware_Serial.elf" @"objects.list"  -lmicroautoware -mcpu=cortex-m7 -T"/home/toffanetto/subjects/im420x/project/ws/nucleo-H753ZI_TemplateAutoware_Serial/STM32H753ZITX_FLASH.ld" --specs=nosys.specs -Wl,-Map="nucleo-H753ZI_TemplateAutoware_Serial.map" -Wl,--gc-sections -static -L../microautoware_vehicle_inferface_stm32/microros_static_library_ide/libmicroautoware --specs=nano.specs -mfpu=fpv5-d16 -mfloat-abi=hard -mthumb -Wl,--start-group -lc -lm -Wl,--end-group
/opt/st/stm32cubeide_1.15.1/plugins/com.st.stm32cube.ide.mcu.externaltools.gnu-tools-for-stm32.12.3.rel1.linux64_1.0.100.202403111256/tools/bin/../lib/gcc/arm-none-eabi/12.3.1/../../../../arm-none-eabi/bin/ld: /opt/st/stm32cubeide_1.15.1/plugins/com.st.stm32cube.ide.mcu.externaltools.gnu-tools-for-stm32.12.3.rel1.linux64_1.0.100.202403111256/tools/bin/../lib/gcc/arm-none-eabi/12.3.1/../../../../arm-none-eabi/lib/thumb/v7e-m+dp/hard/libc_nano.a(libc_a-gettimeofdayr.o): in function `_gettimeofday_r':
(.text._gettimeofday_r+0xe): warning: _gettimeofday is not implemented and will always fail
Finished building target: nucleo-H753ZI_TemplateAutoware_Serial.elf
 
arm-none-eabi-size  nucleo-H753ZI_TemplateAutoware_Serial.elf 
arm-none-eabi-objdump -h -S nucleo-H753ZI_TemplateAutoware_Serial.elf  > "nucleo-H753ZI_TemplateAutoware_Serial.list"
   text	   data	    bss	    dec	    hex	filename
 143964	   5104	 428016	 577084	  8ce3c	nucleo-H753ZI_TemplateAutoware_Serial.elf
Finished building: default.size.stdout
 
Finished building: nucleo-H753ZI_TemplateAutoware_Serial.list
 
15:00:40 **** Incremental Build of configuration Debug for project nucleo-H753ZI_TemplateAutoware_Serial ****
make -j48 all 
docker pull microros/micro_ros_static_library_builder:humble && docker run --rm -v /home/toffanetto/subjects/im420x/project/ws/nucleo-H753ZI_TemplateAutoware_Serial:/project --env MICROROS_LIBRARY_FOLDER=microautoware_vehicle_inferface_stm32/microros_static_library_ide microros/micro_ros_static_library_builder:humble
humble: Pulling from microros/micro_ros_static_library_builder
Digest: sha256:83ab4e8ce95b2a62feb5dd270ad4460218d2d026a455ea32a5873cf629aa1e99
Status: Image is up to date for microros/micro_ros_static_library_builder:humble
docker.io/microros/micro_ros_static_library_builder:humble
dos2unix: converting file /project/microautoware_vehicle_inferface_stm32/microros_static_library_ide/library_generation/library_generation.sh to Unix format...
micro-ROS library found. Skipping...
Delete microautoware_vehicle_inferface_stm32/microros_static_library_ide/libmicroautoware/ for rebuild.
 
arm-none-eabi-gcc "../Core/Src/taksControle.c" -mcpu=cortex-m7 -std=gnu11 -g3 -DDEBUG -DUSE_HAL_DRIVER -DSTM32H753xx -c -I../Core/Inc -I../microautoware_vehicle_inferface_stm32/microros_static_library_ide/libmicroautoware/include -I../Drivers/STM32H7xx_HAL_Driver/Inc -I../Drivers/STM32H7xx_HAL_Driver/Inc/Legacy -I../Drivers/CMSIS/Device/ST/STM32H7xx/Include -I../Drivers/CMSIS/Include -I../Middlewares/Third_Party/FreeRTOS/Source/include -I../Middlewares/Third_Party/FreeRTOS/Source/CMSIS_RTOS_V2 -I../Middlewares/Third_Party/FreeRTOS/Source/portable/GCC/ARM_CM4F -O0 -ffunction-sections -fdata-sections -Wall -fstack-usage -fcyclomatic-complexity -MMD -MP -MF"Core/Src/taksControle.d" -MT"Core/Src/taksControle.o" --specs=nano.specs -mfpu=fpv5-d16 -mfloat-abi=hard -mthumb -o "Core/Src/taksControle.o"
../Core/Src/taksControle.c: In function 'StartTaskControle':
../Core/Src/taksControle.c:49:9: error: redeclaration of 'fTrottle' with no linkage
   49 |   float fTrottle;
      |         ^~~~~~~~
../Core/Src/taksControle.c:48:9: note: previous declaration of 'fTrottle' with type 'float'
   48 |   float fTrottle;
      |         ^~~~~~~~
../Core/Src/taksControle.c:61:9: warning: implicit declaration of function 'osDelay' [-Wimplicit-function-declaration]
   61 |         osDelay(20);
      |         ^~~~~~~
../Core/Src/taksControle.c:50:9: warning: unused variable 'fSteeringAngle' [-Wunused-variable]
   50 |   float fSteeringAngle;
      |         ^~~~~~~~~~~~~~
../Core/Src/taksControle.c:49:9: warning: unused variable 'fTrottle' [-Wunused-variable]
   49 |   float fTrottle;
      |         ^~~~~~~~
../Core/Src/taksControle.c:47:9: warning: variable 'fJoyYAxis' set but not used [-Wunused-but-set-variable]
   47 |   float fJoyYAxis;
      |         ^~~~~~~~~
../Core/Src/taksControle.c:46:9: warning: variable 'fJoyXAxis' set but not used [-Wunused-but-set-variable]
   46 |   float fJoyXAxis;
      |         ^~~~~~~~~
../Core/Src/taksControle.c:37:17: warning: variable 'ucControlMode' set but not used [-Wunused-but-set-variable]
   37 |   unsigned char ucControlMode;
      |                 ^~~~~~~~~~~~~
make[1]: *** [Core/Src/subdir.mk:79: Core/Src/taksControle.o] Error 1
make: *** [makefile:62: all] Error 2
"make -j48 all" terminated with exit code 2. Build might be incomplete.
