18:27:03 **** Incremental Build of configuration Debug for project nucleo-H753ZI_TemplateAutoware_Serial ****
make -j48 all 
docker pull microros/micro_ros_static_library_builder:humble && docker run --rm -v /home/toffanetto/subjects/im420x/project/ws/nucleo-H753ZI_TemplateAutoware_Serial:/project --env MICROROS_LIBRARY_FOLDER=microautoware_vehicle_inferface_stm32/microros_static_library_ide microros/micro_ros_static_library_builder:humble
humble: Pulling from microros/micro_ros_static_library_builder
Digest: sha256:83ab4e8ce95b2a62feb5dd270ad4460218d2d026a455ea32a5873cf629aa1e99
Status: Image is up to date for microros/micro_ros_static_library_builder:humble
docker.io/microros/micro_ros_static_library_builder:humble
dos2unix: converting file /project/microautoware_vehicle_inferface_stm32/microros_static_library_ide/library_generation/library_generation.sh to Unix format...
micro-ROS library found. Skipping...
Delete microautoware_vehicle_inferface_stm32/microros_static_library_ide/libmicroautoware/ for rebuild.
 
arm-none-eabi-gcc "../Core/Src/freertos.c" -mcpu=cortex-m7 -std=gnu11 -g3 -DDEBUG -DUSE_HAL_DRIVER -DSTM32H753xx -c -I../Core/Inc -I../microautoware_vehicle_inferface_stm32/microros_static_library_ide/libmicroautoware/include -I../Drivers/STM32H7xx_HAL_Driver/Inc -I../Drivers/STM32H7xx_HAL_Driver/Inc/Legacy -I../Drivers/CMSIS/Device/ST/STM32H7xx/Include -I../Drivers/CMSIS/Include -I../Middlewares/Third_Party/FreeRTOS/Source/include -I../Middlewares/Third_Party/FreeRTOS/Source/CMSIS_RTOS_V2 -I../Middlewares/Third_Party/FreeRTOS/Source/portable/GCC/ARM_CM4F -O0 -ffunction-sections -fdata-sections -Wall -fstack-usage -fcyclomatic-complexity -MMD -MP -MF"Core/Src/freertos.d" -MT"Core/Src/freertos.o" --specs=nano.specs -mfpu=fpv5-d16 -mfloat-abi=hard -mthumb -o "Core/Src/freertos.o"
arm-none-eabi-gcc -o "nucleo-H753ZI_TemplateAutoware_Serial.elf" @"objects.list"  -lmicroautoware -mcpu=cortex-m7 -T"/home/toffanetto/subjects/im420x/project/ws/nucleo-H753ZI_TemplateAutoware_Serial/STM32H753ZITX_FLASH.ld" --specs=nosys.specs -Wl,-Map="nucleo-H753ZI_TemplateAutoware_Serial.map" -Wl,--gc-sections -static -L../microautoware_vehicle_inferface_stm32/microros_static_library_ide/libmicroautoware --specs=nano.specs -mfpu=fpv5-d16 -mfloat-abi=hard -mthumb -Wl,--start-group -lc -lm -Wl,--end-group
/opt/st/stm32cubeide_1.15.1/plugins/com.st.stm32cube.ide.mcu.externaltools.gnu-tools-for-stm32.12.3.rel1.linux64_1.0.100.202403111256/tools/bin/../lib/gcc/arm-none-eabi/12.3.1/../../../../arm-none-eabi/bin/ld: /opt/st/stm32cubeide_1.15.1/plugins/com.st.stm32cube.ide.mcu.externaltools.gnu-tools-for-stm32.12.3.rel1.linux64_1.0.100.202403111256/tools/bin/../lib/gcc/arm-none-eabi/12.3.1/../../../../arm-none-eabi/lib/thumb/v7e-m+dp/hard/libc_nano.a(libc_a-gettimeofdayr.o): in function `_gettimeofday_r':
(.text._gettimeofday_r+0xe): warning: _gettimeofday is not implemented and will always fail
Finished building target: nucleo-H753ZI_TemplateAutoware_Serial.elf
 
arm-none-eabi-size  nucleo-H753ZI_TemplateAutoware_Serial.elf 
arm-none-eabi-objdump -h -S nucleo-H753ZI_TemplateAutoware_Serial.elf  > "nucleo-H753ZI_TemplateAutoware_Serial.list"
   text	   data	    bss	    dec	    hex	filename
 147644	   5104	 428016	 580764	  8dc9c	nucleo-H753ZI_TemplateAutoware_Serial.elf
Finished building: default.size.stdout
 
Finished building: nucleo-H753ZI_TemplateAutoware_Serial.list
 

18:27:08 Build Finished. 0 errors, 1 warnings. (took 4s.217ms)

